// Jest Snapshot v1, https://goo.gl/fbAQLP

exports[`PropertyStats Component renders correctly and displays the initial stats 1`] = `
<div>
  <div
    class="grid gap-4 md:grid-cols-2 md:gap-8 lg:grid-cols-4 pt-6"
  >
    <div
      class="border bg-card text-card-foreground shadow-sm rounded-none"
    >
      <div
        class="p-6 flex flex-row items-center justify-between space-y-0 pb-2"
      >
        <h3
          class="tracking-tight text-sm font-medium"
        >
          Guests This Month
        </h3>
        <svg
          class="lucide lucide-users h-4 w-4 text-muted-foreground"
          fill="none"
          height="24"
          stroke="currentColor"
          stroke-linecap="round"
          stroke-linejoin="round"
          stroke-width="2"
          viewBox="0 0 24 24"
          width="24"
          xmlns="http://www.w3.org/2000/svg"
        >
          <path
            d="M16 21v-2a4 4 0 0 0-4-4H6a4 4 0 0 0-4 4v2"
          />
          <circle
            cx="9"
            cy="7"
            r="4"
          />
          <path
            d="M22 21v-2a4 4 0 0 0-3-3.87"
          />
          <path
            d="M16 3.13a4 4 0 0 1 0 7.75"
          />
        </svg>
      </div>
      <div
        class="p-6 pt-0"
      >
        <div
          class="text-2xl font-bold"
        >
          0
        </div>
      </div>
    </div>
    <div
      class="border bg-card text-card-foreground shadow-sm rounded-none"
    >
      <div
        class="p-6 flex flex-row items-center justify-between space-y-0 pb-2"
      >
        <h3
          class="tracking-tight text-sm font-medium"
        >
          This Month
        </h3>
        <svg
          class="lucide lucide-dollar-sign h-4 w-4 text-muted-foreground"
          fill="none"
          height="24"
          stroke="currentColor"
          stroke-linecap="round"
          stroke-linejoin="round"
          stroke-width="2"
          viewBox="0 0 24 24"
          width="24"
          xmlns="http://www.w3.org/2000/svg"
        >
          <line
            x1="12"
            x2="12"
            y1="2"
            y2="22"
          />
          <path
            d="M17 5H9.5a3.5 3.5 0 0 0 0 7h5a3.5 3.5 0 0 1 0 7H6"
          />
        </svg>
      </div>
      <div
        class="p-6 pt-0"
      >
        <div
          class="text-2xl font-bold"
        >
          $0
        </div>
        <p
          class="text-xs text-muted-foreground"
        >
          0%
           from last month
        </p>
      </div>
    </div>
    <div
      class="border bg-card text-card-foreground shadow-sm rounded-none"
    >
      <div
        class="p-6 flex flex-row items-center justify-between space-y-0 pb-2"
      >
        <h3
          class="tracking-tight text-sm font-medium"
        >
          This Year
        </h3>
        <svg
          class="lucide lucide-dollar-sign h-4 w-4 text-muted-foreground"
          fill="none"
          height="24"
          stroke="currentColor"
          stroke-linecap="round"
          stroke-linejoin="round"
          stroke-width="2"
          viewBox="0 0 24 24"
          width="24"
          xmlns="http://www.w3.org/2000/svg"
        >
          <line
            x1="12"
            x2="12"
            y1="2"
            y2="22"
          />
          <path
            d="M17 5H9.5a3.5 3.5 0 0 0 0 7h5a3.5 3.5 0 0 1 0 7H6"
          />
        </svg>
      </div>
      <div
        class="p-6 pt-0"
      >
        <div
          class="text-2xl font-bold"
        >
          $0
        </div>
        <p
          class="text-xs text-muted-foreground"
        >
          -100.00%
           from last year
        </p>
      </div>
    </div>
    <div
      class="border bg-card text-card-foreground shadow-sm rounded-none"
    >
      <div
        class="p-6 flex flex-row items-center justify-between space-y-0 pb-2"
      >
        <h3
          class="tracking-tight text-sm font-medium flex"
        >
          <button
            aria-label="Previous month"
          >
            <svg
              class="lucide lucide-chevron-left h-4 w-4"
              fill="none"
              height="24"
              stroke="currentColor"
              stroke-linecap="round"
              stroke-linejoin="round"
              stroke-width="2"
              viewBox="0 0 24 24"
              width="24"
              xmlns="http://www.w3.org/2000/svg"
            >
              <path
                d="m15 18-6-6 6-6"
              />
            </svg>
          </button>
          <div
            class="min-w-[110px] text-center"
          >
            July 2024
          </div>
          <button
            aria-label="Next month"
          >
            <svg
              class="lucide lucide-chevron-right h-4 w-4"
              fill="none"
              height="24"
              stroke="currentColor"
              stroke-linecap="round"
              stroke-linejoin="round"
              stroke-width="2"
              viewBox="0 0 24 24"
              width="24"
              xmlns="http://www.w3.org/2000/svg"
            >
              <path
                d="m9 18 6-6-6-6"
              />
            </svg>
          </button>
        </h3>
        <svg
          class="lucide lucide-dollar-sign h-4 w-4 text-muted-foreground"
          fill="none"
          height="24"
          stroke="currentColor"
          stroke-linecap="round"
          stroke-linejoin="round"
          stroke-width="2"
          viewBox="0 0 24 24"
          width="24"
          xmlns="http://www.w3.org/2000/svg"
        >
          <line
            x1="12"
            x2="12"
            y1="2"
            y2="22"
          />
          <path
            d="M17 5H9.5a3.5 3.5 0 0 0 0 7h5a3.5 3.5 0 0 1 0 7H6"
          />
        </svg>
      </div>
      <div
        class="p-6 pt-0"
      >
        <div
          class="text-2xl font-bold"
        >
          $0
        </div>
        <p
          class="text-xs text-muted-foreground"
        >
          0%
           from last month
        </p>
      </div>
    </div>
  </div>
</div>
`;
